2026-10-09T18:00:36.852+02:00  INFO 27556 --- [demo] [restartedMain] com.example.dnd.Main                     : Starting Main using Java 25.0.2 with PID 27556 (D:\Skole\gitRepos\personal\DNDWebsite\website\BackendProject2\target\classes started by nicho in D:\Skole\gitRepos\personal\DNDWebsite\website)
2026-10-09T18:00:36.852+02:00 DEBUG 27556 --- [demo] [restartedMain] com.example.dnd.Main                     : Running with Spring Boot v4.1.1, Spring v7.0.9
2026-10-09T18:00:36.852+02:00  INFO 27556 --- [demo] [restartedMain] com.example.dnd.Main                     : No active profile set, falling back to 1 default profile: "default"
2026-10-09T18:00:36.928+02:00  INFO 27556 --- [demo] [restartedMain] .s.d.r.c.RepositoryConfigurationDelegate : Bootstrapping Spring Data JPA repositories in DEFAULT mode.
2026-10-09T18:00:36.931+02:00  INFO 27556 --- [demo] [restartedMain] .s.d.r.c.RepositoryConfigurationDelegate : Finished Spring Data repository scanning in 2 ms. Found 0 JPA repository interfaces.
2026-10-09T18:00:36.967+02:00  INFO 27556 --- [demo] [restartedMain] o.s.boot.tomcat.TomcatWebServer          : Tomcat initialized with port 8080 (http)
2026-10-09T18:00:36.968+02:00  INFO 27556 --- [demo] [restartedMain] o.apache.catalina.core.StandardService   : Starting service [Tomcat]
2026-10-09T18:00:36.968+02:00  INFO 27556 --- [demo] [restartedMain] o.apache.catalina.core.StandardEngine    : Starting Servlet engine: [Apache Tomcat/11.0.24]
2026-10-09T18:00:36.987+02:00  INFO 27556 --- [demo] [restartedMain] b.w.c.s.WebApplicationContextInitializer : Root WebApplicationContext: initialization completed in 133 ms
2026-10-09T18:00:37.004+02:00  INFO 27556 --- [demo] [restartedMain] org.hibernate.orm.jpa                    : HHH008540: Processing PersistenceUnitInfo [name: default]
2026-10-09T18:00:37.020+02:00  INFO 27556 --- [demo] [restartedMain] o.s.o.j.p.SpringPersistenceUnitInfo      : No LoadTimeWeaver setup: ignoring JPA class transformer
2026-10-09T18:00:37.020+02:00  INFO 27556 --- [demo] [restartedMain] com.zaxxer.hikari.HikariDataSource       : HikariPool-14 - Starting...
2026-10-09T18:00:37.039+02:00  INFO 27556 --- [demo] [restartedMain] com.zaxxer.hikari.pool.HikariPool        : HikariPool-14 - Added connection org.postgresql.jdbc.PgConnection@31da9d0c
2026-10-09T18:00:37.039+02:00  INFO 27556 --- [demo] [restartedMain] com.zaxxer.hikari.HikariDataSource       : HikariPool-14 - Start completed.
2026-10-09T18:00:37.041+02:00  WARN 27556 --- [demo] [restartedMain] org.hibernate.orm.deprecation            : HHH90000025: PostgreSQLDialect does not need to be specified explicitly using 'hibernate.dialect' (remove the property setting and it will be selected by default)
2026-10-09T18:00:37.044+02:00  INFO 27556 --- [demo] [restartedMain] org.hibernate.orm.connections.pooling    : HHH10001005: Database info:
	Database JDBC URL [jdbc:postgresql://localhost:5431/postgres]
	Database driver: PostgreSQL JDBC Driver
	Database dialect: PostgreSQLDialect
	Database version: 18.6
	Default catalog/schema: postgres/public
	Autocommit mode: undefined/unknown
	Isolation level: READ_COMMITTED [default READ_COMMITTED]
	JDBC fetch size: none
	Pool: DataSourceConnectionProvider
	Minimum pool size: undefined/unknown
	Maximum pool size: undefined/unknown
2026-10-09T18:00:37.105+02:00  INFO 27556 --- [demo] [restartedMain] org.hibernate.orm.core                   : HHH000489: No JTA platform available (set 'hibernate.transaction.jta.platform' to enable JTA platform integration)
2026-10-09T18:00:37.150+02:00  INFO 27556 --- [demo] [restartedMain] j.LocalContainerEntityManagerFactoryBean : Initialized JPA EntityManagerFactory for persistence unit 'default'
2026-10-09T18:00:37.177+02:00  WARN 27556 --- [demo] [restartedMain] JpaBaseConfiguration$JpaWebConfiguration : spring.jpa.open-in-view is enabled by default. Therefore, database queries may be performed during view rendering. Explicitly configure spring.jpa.open-in-view to disable this warning
2026-10-09T18:00:37.180+02:00  INFO 27556 --- [demo] [restartedMain] o.s.b.w.a.WelcomePageHandlerMapping      : Adding welcome page: class path resource [static/index.html]
2026-10-09T18:00:37.235+02:00  INFO 27556 --- [demo] [restartedMain] o.s.boot.tomcat.TomcatWebServer          : Tomcat started on port 8080 (http) with context path '/'
2026-10-09T18:00:37.236+02:00  INFO 27556 --- [demo] [restartedMain] com.example.dnd.Main                     : Started Main in 0.413 seconds (process running for 2549.296)
2026-10-09T18:00:37.237+02:00  INFO 27556 --- [demo] [restartedMain] .ConditionEvaluationDeltaLoggingListener : Condition evaluation unchanged
2026-10-09T18:01:14.269+02:00  INFO 27556 --- [demo] [File Watcher] rtingClassPathChangeChangedEventListener : Restarting due to 1 class path change (0 additions, 0 deletions, 1 modification)
2026-10-09T18:01:14.276+02:00  INFO 27556 --- [demo] [Thread-53] o.s.boot.tomcat.GracefulShutdown         : Commencing graceful shutdown. Waiting for active requests to complete
2026-10-09T18:01:14.301+02:00  INFO 27556 --- [demo] [tomcat-shutdown] o.s.boot.tomcat.GracefulShutdown         : Graceful shutdown complete
2026-10-09T18:01:14.303+02:00  INFO 27556 --- [demo] [Thread-53] j.LocalContainerEntityManagerFactoryBean : Closing JPA EntityManagerFactory for persistence unit 'default'
2026-10-09T18:01:14.305+02:00  INFO 27556 --- [demo] [Thread-53] com.zaxxer.hikari.HikariDataSource       : HikariPool-14 - Shutdown initiated...
2026-10-09T18:01:14.318+02:00  INFO 27556 --- [demo] [Thread-53] com.zaxxer.hikari.HikariDataSource       : HikariPool-14 - Shutdown completed.
2026-10-09T18:01:14.420+02:00  INFO 27556 --- [demo] [restartedMain] com.example.dnd.Main                     : Starting Main using Java 25.0.2 with PID 27556 (D:\Skole\gitRepos\personal\DNDWebsite\website\BackendProject2\target\classes started by nicho in D:\Skole\gitRepos\personal\DNDWebsite\website)
2026-10-09T18:01:14.420+02:00 DEBUG 27556 --- [demo] [restartedMain] com.example.dnd.Main                     : Running with Spring Boot v4.1.1, Spring v7.0.9
2026-10-09T18:01:14.420+02:00  INFO 27556 --- [demo] [restartedMain] com.example.dnd.Main                     : No active profile set, falling back to 1 default profile: "default"
2026-10-09T18:01:14.517+02:00  INFO 27556 --- [demo] [restartedMain] .s.d.r.c.RepositoryConfigurationDelegate : Bootstrapping Spring Data JPA repositories in DEFAULT mode.
2026-10-09T18:01:14.519+02:00  INFO 27556 --- [demo] [restartedMain] .s.d.r.c.RepositoryConfigurationDelegate : Finished Spring Data repository scanning in 2 ms. Found 0 JPA repository interfaces.
2026-10-09T18:01:14.559+02:00  INFO 27556 --- [demo] [restartedMain] o.s.boot.tomcat.TomcatWebServer          : Tomcat initialized with port 8080 (http)
2026-10-09T18:01:14.559+02:00  INFO 27556 --- [demo] [restartedMain] o.apache.catalina.core.StandardService   : Starting service [Tomcat]
2026-10-09T18:01:14.559+02:00  INFO 27556 --- [demo] [restartedMain] o.apache.catalina.core.StandardEngine    : Starting Servlet engine: [Apache Tomcat/11.0.24]
2026-10-09T18:01:14.576+02:00  INFO 27556 --- [demo] [restartedMain] b.w.c.s.WebApplicationContextInitializer : Root WebApplicationContext: initialization completed in 155 ms
2026-10-09T18:01:14.597+02:00  INFO 27556 --- [demo] [restartedMain] org.hibernate.orm.jpa                    : HHH008540: Processing PersistenceUnitInfo [name: default]
2026-10-09T18:01:14.621+02:00  INFO 27556 --- [demo] [restartedMain] o.s.o.j.p.SpringPersistenceUnitInfo      : No LoadTimeWeaver setup: ignoring JPA class transformer
2026-10-09T18:01:14.622+02:00  INFO 27556 --- [demo] [restartedMain] com.zaxxer.hikari.HikariDataSource       : HikariPool-15 - Starting...
2026-10-09T18:01:14.643+02:00  INFO 27556 --- [demo] [restartedMain] com.zaxxer.hikari.pool.HikariPool        : HikariPool-15 - Added connection org.postgresql.jdbc.PgConnection@37b7bcb9
2026-10-09T18:01:14.643+02:00  INFO 27556 --- [demo] [restartedMain] com.zaxxer.hikari.HikariDataSource       : HikariPool-15 - Start completed.
2026-10-09T18:01:14.645+02:00  WARN 27556 --- [demo] [restartedMain] org.hibernate.orm.deprecation            : HHH90000025: PostgreSQLDialect does not need to be specified explicitly using 'hibernate.dialect' (remove the property setting and it will be selected by default)
2026-10-09T18:01:14.649+02:00  INFO 27556 --- [demo] [restartedMain] org.hibernate.orm.connections.pooling    : HHH10001005: Database info:
	Database JDBC URL [jdbc:postgresql://localhost:5431/postgres]
	Database driver: PostgreSQL JDBC Driver
	Database dialect: PostgreSQLDialect
	Database version: 18.6
	Default catalog/schema: postgres/public
	Autocommit mode: undefined/unknown
	Isolation level: READ_COMMITTED [default READ_COMMITTED]
	JDBC fetch size: none
	Pool: DataSourceConnectionProvider
	Minimum pool size: undefined/unknown
	Maximum pool size: undefined/unknown
2026-10-09T18:01:14.712+02:00  INFO 27556 --- [demo] [restartedMain] org.hibernate.orm.core                   : HHH000489: No JTA platform available (set 'hibernate.transaction.jta.platform' to enable JTA platform integration)
2026-10-09T18:01:14.760+02:00  INFO 27556 --- [demo] [restartedMain] j.LocalContainerEntityManagerFactoryBean : Initialized JPA EntityManagerFactory for persistence unit 'default'
2026-10-09T18:01:14.782+02:00  WARN 27556 --- [demo] [restartedMain] JpaBaseConfiguration$JpaWebConfiguration : spring.jpa.open-in-view is enabled by default. Therefore, database queries may be performed during view rendering. Explicitly configure spring.jpa.open-in-view to disable this warning
2026-10-09T18:01:14.784+02:00  INFO 27556 --- [demo] [restartedMain] o.s.b.w.a.WelcomePageHandlerMapping      : Adding welcome page: class path resource [static/index.html]
2026-10-09T18:01:14.831+02:00  INFO 27556 --- [demo] [restartedMain] o.s.boot.tomcat.TomcatWebServer          : Tomcat started on port 8080 (http) with context path '/'
2026-10-09T18:01:14.832+02:00  INFO 27556 --- [demo] [restartedMain] com.example.dnd.Main                     : Started Main in 0.43 seconds (process running for 2586.891)
2026-10-09T18:01:14.832+02:00  INFO 27556 --- [demo] [restartedMain] .ConditionEvaluationDeltaLoggingListener : Condition evaluation unchanged
2026-10-09T18:02:15.524+02:00  INFO 27556 --- [demo] [File Watcher] rtingClassPathChangeChangedEventListener : Restarting due to 1 class path change (0 additions, 0 deletions, 1 modification)
2026-10-09T18:02:15.525+02:00  INFO 27556 --- [demo] [Thread-57] o.s.boot.tomcat.GracefulShutdown         : Commencing graceful shutdown. Waiting for active requests to complete
2026-10-09T18:02:15.531+02:00  INFO 27556 --- [demo] [tomcat-shutdown] o.s.boot.tomcat.GracefulShutdown         : Graceful shutdown complete
2026-10-09T18:02:15.532+02:00  INFO 27556 --- [demo] [Thread-57] j.LocalContainerEntityManagerFactoryBean : Closing JPA EntityManagerFactory for persistence unit 'default'
2026-10-09T18:02:15.533+02:00  INFO 27556 --- [demo] [Thread-57] com.zaxxer.hikari.HikariDataSource       : HikariPool-15 - Shutdown initiated...
2026-10-09T18:02:15.534+02:00  INFO 27556 --- [demo] [Thread-57] com.zaxxer.hikari.HikariDataSource       : HikariPool-15 - Shutdown completed.
2026-10-09T18:02:15.608+02:00  INFO 27556 --- [demo] [restartedMain] com.example.dnd.Main                     : Starting Main using Java 25.0.2 with PID 27556 (D:\Skole\gitRepos\personal\DNDWebsite\website\BackendProject2\target\classes started by nicho in D:\Skole\gitRepos\personal\DNDWebsite\website)
2026-10-09T18:02:15.608+02:00 DEBUG 27556 --- [demo] [restartedMain] com.example.dnd.Main                     : Running with Spring Boot v4.1.1, Spring v7.0.9
2026-10-09T18:02:15.608+02:00  INFO 27556 --- [demo] [restartedMain] com.example.dnd.Main                     : No active profile set, falling back to 1 default profile: "default"
2026-10-09T18:02:15.692+02:00  INFO 27556 --- [demo] [restartedMain] .s.d.r.c.RepositoryConfigurationDelegate : Bootstrapping Spring Data JPA repositories in DEFAULT mode.
2026-10-09T18:02:15.696+02:00  INFO 27556 --- [demo] [restartedMain] .s.d.r.c.RepositoryConfigurationDelegate : Finished Spring Data repository scanning in 2 ms. Found 0 JPA repository interfaces.
2026-10-09T18:02:15.736+02:00  INFO 27556 --- [demo] [restartedMain] o.s.boot.tomcat.TomcatWebServer          : Tomcat initialized with port 8080 (http)
2026-10-09T18:02:15.736+02:00  INFO 27556 --- [demo] [restartedMain] o.apache.catalina.core.StandardService   : Starting service [Tomcat]
2026-10-09T18:02:15.736+02:00  INFO 27556 --- [demo] [restartedMain] o.apache.catalina.core.StandardEngine    : Starting Servlet engine: [Apache Tomcat/11.0.24]
2026-10-09T18:02:15.755+02:00  INFO 27556 --- [demo] [restartedMain] b.w.c.s.WebApplicationContextInitializer : Root WebApplicationContext: initialization completed in 146 ms
2026-10-09T18:02:15.775+02:00  INFO 27556 --- [demo] [restartedMain] org.hibernate.orm.jpa                    : HHH008540: Processing PersistenceUnitInfo [name: default]
2026-10-09T18:02:15.791+02:00  INFO 27556 --- [demo] [restartedMain] o.s.o.j.p.SpringPersistenceUnitInfo      : No LoadTimeWeaver setup: ignoring JPA class transformer
2026-10-09T18:02:15.791+02:00  INFO 27556 --- [demo] [restartedMain] com.zaxxer.hikari.HikariDataSource       : HikariPool-16 - Starting...
2026-10-09T18:02:15.810+02:00  INFO 27556 --- [demo] [restartedMain] com.zaxxer.hikari.pool.HikariPool        : HikariPool-16 - Added connection org.postgresql.jdbc.PgConnection@76c2547a
2026-10-09T18:02:15.810+02:00  INFO 27556 --- [demo] [restartedMain] com.zaxxer.hikari.HikariDataSource       : HikariPool-16 - Start completed.
2026-10-09T18:02:15.812+02:00  WARN 27556 --- [demo] [restartedMain] org.hibernate.orm.deprecation            : HHH90000025: PostgreSQLDialect does not need to be specified explicitly using 'hibernate.dialect' (remove the property setting and it will be selected by default)
2026-10-09T18:02:15.815+02:00  INFO 27556 --- [demo] [restartedMain] org.hibernate.orm.connections.pooling    : HHH10001005: Database info:
	Database JDBC URL [jdbc:postgresql://localhost:5431/postgres]
	Database driver: PostgreSQL JDBC Driver
	Database dialect: PostgreSQLDialect
	Database version: 18.6
	Default catalog/schema: postgres/public
	Autocommit mode: undefined/unknown
	Isolation level: READ_COMMITTED [default READ_COMMITTED]
	JDBC fetch size: none
	Pool: DataSourceConnectionProvider
	Minimum pool size: undefined/unknown
	Maximum pool size: undefined/unknown
2026-10-09T18:02:15.874+02:00  INFO 27556 --- [demo] [restartedMain] org.hibernate.orm.core                   : HHH000489: No JTA platform available (set 'hibernate.transaction.jta.platform' to enable JTA platform integration)
2026-10-09T18:02:15.919+02:00  INFO 27556 --- [demo] [restartedMain] j.LocalContainerEntityManagerFactoryBean : Initialized JPA EntityManagerFactory for persistence unit 'default'
2026-10-09T18:02:15.949+02:00  WARN 27556 --- [demo] [restartedMain] JpaBaseConfiguration$JpaWebConfiguration : spring.jpa.open-in-view is enabled by default. Therefore, database queries may be performed during view rendering. Explicitly configure spring.jpa.open-in-view to disable this warning
2026-10-09T18:02:15.953+02:00  INFO 27556 --- [demo] [restartedMain] o.s.b.w.a.WelcomePageHandlerMapping      : Adding welcome page: class path resource [static/index.html]
2026-10-09T18:02:16.008+02:00  INFO 27556 --- [demo] [restartedMain] o.s.boot.tomcat.TomcatWebServer          : Tomcat started on port 8080 (http) with context path '/'
2026-10-09T18:02:16.010+02:00  INFO 27556 --- [demo] [restartedMain] com.example.dnd.Main                     : Started Main in 0.418 seconds (process running for 2648.069)
2026-10-09T18:02:16.010+02:00  INFO 27556 --- [demo] [restartedMain] .ConditionEvaluationDeltaLoggingListener : Condition evaluation unchanged
2026-10-09T18:02:58.744+02:00  INFO 27556 --- [demo] [File Watcher] rtingClassPathChangeChangedEventListener : Restarting due to 1 class path change (0 additions, 0 deletions, 1 modification)
2026-10-09T18:02:58.744+02:00  INFO 27556 --- [demo] [Thread-61] o.s.boot.tomcat.GracefulShutdown         : Commencing graceful shutdown. Waiting for active requests to complete
2026-10-09T18:02:58.751+02:00  INFO 27556 --- [demo] [tomcat-shutdown] o.s.boot.tomcat.GracefulShutdown         : Graceful shutdown complete
2026-10-09T18:02:58.752+02:00  INFO 27556 --- [demo] [Thread-61] j.LocalContainerEntityManagerFactoryBean : Closing JPA EntityManagerFactory for persistence unit 'default'
2026-10-09T18:02:58.753+02:00  INFO 27556 --- [demo] [Thread-61] com.zaxxer.hikari.HikariDataSource       : HikariPool-16 - Shutdown initiated...
2026-10-09T18:02:58.754+02:00  INFO 27556 --- [demo] [Thread-61] com.zaxxer.hikari.HikariDataSource       : HikariPool-16 - Shutdown completed.
2026-10-09T18:02:58.826+02:00  INFO 27556 --- [demo] [restartedMain] com.example.dnd.Main                     : Starting Main using Java 25.0.2 with PID 27556 (D:\Skole\gitRepos\personal\DNDWebsite\website\BackendProject2\target\classes started by nicho in D:\Skole\gitRepos\personal\DNDWebsite\website)
2026-10-09T18:02:58.826+02:00 DEBUG 27556 --- [demo] [restartedMain] com.example.dnd.Main                     : Running with Spring Boot v4.1.1, Spring v7.0.9
2026-10-09T18:02:58.826+02:00  INFO 27556 --- [demo] [restartedMain] com.example.dnd.Main                     : No active profile set, falling back to 1 default profile: "default"
2026-10-09T18:02:58.908+02:00  INFO 27556 --- [demo] [restartedMain] .s.d.r.c.RepositoryConfigurationDelegate : Bootstrapping Spring Data JPA repositories in DEFAULT mode.
2026-10-09T18:02:58.911+02:00  INFO 27556 --- [demo] [restartedMain] .s.d.r.c.RepositoryConfigurationDelegate : Finished Spring Data repository scanning in 2 ms. Found 0 JPA repository interfaces.
2026-10-09T18:02:58.950+02:00  INFO 27556 --- [demo] [restartedMain] o.s.boot.tomcat.TomcatWebServer          : Tomcat initialized with port 8080 (http)
2026-10-09T18:02:58.951+02:00  INFO 27556 --- [demo] [restartedMain] o.apache.catalina.core.StandardService   : Starting service [Tomcat]
2026-10-09T18:02:58.951+02:00  INFO 27556 --- [demo] [restartedMain] o.apache.catalina.core.StandardEngine    : Starting Servlet engine: [Apache Tomcat/11.0.24]
2026-10-09T18:02:58.967+02:00  INFO 27556 --- [demo] [restartedMain] b.w.c.s.WebApplicationContextInitializer : Root WebApplicationContext: initialization completed in 140 ms
2026-10-09T18:02:58.991+02:00  INFO 27556 --- [demo] [restartedMain] org.hibernate.orm.jpa                    : HHH008540: Processing PersistenceUnitInfo [name: default]
2026-10-09T18:02:59.007+02:00  INFO 27556 --- [demo] [restartedMain] o.s.o.j.p.SpringPersistenceUnitInfo      : No LoadTimeWeaver setup: ignoring JPA class transformer
2026-10-09T18:02:59.007+02:00  INFO 27556 --- [demo] [restartedMain] com.zaxxer.hikari.HikariDataSource       : HikariPool-17 - Starting...
2026-10-09T18:02:59.026+02:00  INFO 27556 --- [demo] [restartedMain] com.zaxxer.hikari.pool.HikariPool        : HikariPool-17 - Added connection org.postgresql.jdbc.PgConnection@667a5323
2026-10-09T18:02:59.026+02:00  INFO 27556 --- [demo] [restartedMain] com.zaxxer.hikari.HikariDataSource       : HikariPool-17 - Start completed.
2026-10-09T18:02:59.028+02:00  WARN 27556 --- [demo] [restartedMain] org.hibernate.orm.deprecation            : HHH90000025: PostgreSQLDialect does not need to be specified explicitly using 'hibernate.dialect' (remove the property setting and it will be selected by default)
2026-10-09T18:02:59.031+02:00  INFO 27556 --- [demo] [restartedMain] org.hibernate.orm.connections.pooling    : HHH10001005: Database info:
	Database JDBC URL [jdbc:postgresql://localhost:5431/postgres]
	Database driver: PostgreSQL JDBC Driver
	Database dialect: PostgreSQLDialect
	Database version: 18.6
	Default catalog/schema: postgres/public
	Autocommit mode: undefined/unknown
	Isolation level: READ_COMMITTED [default READ_COMMITTED]
	JDBC fetch size: none
	Pool: DataSourceConnectionProvider
	Minimum pool size: undefined/unknown
	Maximum pool size: undefined/unknown
2026-10-09T18:02:59.082+02:00  INFO 27556 --- [demo] [restartedMain] org.hibernate.orm.core                   : HHH000489: No JTA platform available (set 'hibernate.transaction.jta.platform' to enable JTA platform integration)
2026-10-09T18:02:59.126+02:00  INFO 27556 --- [demo] [restartedMain] j.LocalContainerEntityManagerFactoryBean : Initialized JPA EntityManagerFactory for persistence unit 'default'
2026-10-09T18:02:59.152+02:00  WARN 27556 --- [demo] [restartedMain] JpaBaseConfiguration$JpaWebConfiguration : spring.jpa.open-in-view is enabled by default. Therefore, database queries may be performed during view rendering. Explicitly configure spring.jpa.open-in-view to disable this warning
2026-10-09T18:02:59.155+02:00  INFO 27556 --- [demo] [restartedMain] o.s.b.w.a.WelcomePageHandlerMapping      : Adding welcome page: class path resource [static/index.html]
2026-10-09T18:02:59.208+02:00  INFO 27556 --- [demo] [restartedMain] o.s.boot.tomcat.TomcatWebServer          : Tomcat started on port 8080 (http) with context path '/'
2026-10-09T18:02:59.209+02:00  INFO 27556 --- [demo] [restartedMain] com.example.dnd.Main                     : Started Main in 0.398 seconds (process running for 2691.268)
2026-10-09T18:02:59.209+02:00  INFO 27556 --- [demo] [restartedMain] .ConditionEvaluationDeltaLoggingListener : Condition evaluation unchanged
2026-10-09T18:08:37.222+02:00  INFO 27556 --- [demo] [File Watcher] rtingClassPathChangeChangedEventListener : Restarting due to 2 class path changes (0 additions, 1 deletion, 1 modification)
2026-10-09T18:08:37.223+02:00  INFO 27556 --- [demo] [Thread-65] o.s.boot.tomcat.GracefulShutdown         : Commencing graceful shutdown. Waiting for active requests to complete
2026-10-09T18:08:37.229+02:00  INFO 27556 --- [demo] [tomcat-shutdown] o.s.boot.tomcat.GracefulShutdown         : Graceful shutdown complete
2026-10-09T18:08:37.230+02:00  INFO 27556 --- [demo] [Thread-65] j.LocalContainerEntityManagerFactoryBean : Closing JPA EntityManagerFactory for persistence unit 'default'
2026-10-09T18:08:37.230+02:00  INFO 27556 --- [demo] [Thread-65] com.zaxxer.hikari.HikariDataSource       : HikariPool-17 - Shutdown initiated...
2026-10-09T18:08:37.232+02:00  INFO 27556 --- [demo] [Thread-65] com.zaxxer.hikari.HikariDataSource       : HikariPool-17 - Shutdown completed.
2026-10-09T18:08:37.303+02:00  INFO 27556 --- [demo] [restartedMain] com.example.dnd.Main                     : Starting Main using Java 25.0.2 with PID 27556 (D:\Skole\gitRepos\personal\DNDWebsite\website\BackendProject2\target\classes started by nicho in D:\Skole\gitRepos\personal\DNDWebsite\website)
2026-10-09T18:08:37.303+02:00 DEBUG 27556 --- [demo] [restartedMain] com.example.dnd.Main                     : Running with Spring Boot v4.1.1, Spring v7.0.9
2026-10-09T18:08:37.303+02:00  INFO 27556 --- [demo] [restartedMain] com.example.dnd.Main                     : No active profile set, falling back to 1 default profile: "default"
2026-10-09T18:08:37.392+02:00  INFO 27556 --- [demo] [restartedMain] .s.d.r.c.RepositoryConfigurationDelegate : Bootstrapping Spring Data JPA repositories in DEFAULT mode.
2026-10-09T18:08:37.394+02:00  INFO 27556 --- [demo] [restartedMain] .s.d.r.c.RepositoryConfigurationDelegate : Finished Spring Data repository scanning in 2 ms. Found 0 JPA repository interfaces.
2026-10-09T18:08:37.447+02:00  INFO 27556 --- [demo] [restartedMain] o.s.boot.tomcat.TomcatWebServer          : Tomcat initialized with port 8080 (http)
2026-10-09T18:08:37.449+02:00  INFO 27556 --- [demo] [restartedMain] o.apache.catalina.core.StandardService   : Starting service [Tomcat]
2026-10-09T18:08:37.449+02:00  INFO 27556 --- [demo] [restartedMain] o.apache.catalina.core.StandardEngine    : Starting Servlet engine: [Apache Tomcat/11.0.24]
2026-10-09T18:08:37.467+02:00  INFO 27556 --- [demo] [restartedMain] b.w.c.s.WebApplicationContextInitializer : Root WebApplicationContext: initialization completed in 162 ms
2026-10-09T18:08:37.494+02:00  INFO 27556 --- [demo] [restartedMain] org.hibernate.orm.jpa                    : HHH008540: Processing PersistenceUnitInfo [name: default]
2026-10-09T18:08:37.515+02:00  INFO 27556 --- [demo] [restartedMain] o.s.o.j.p.SpringPersistenceUnitInfo      : No LoadTimeWeaver setup: ignoring JPA class transformer
2026-10-09T18:08:37.515+02:00  INFO 27556 --- [demo] [restartedMain] com.zaxxer.hikari.HikariDataSource       : HikariPool-18 - Starting...
2026-10-09T18:08:37.536+02:00  INFO 27556 --- [demo] [restartedMain] com.zaxxer.hikari.pool.HikariPool        : HikariPool-18 - Added connection org.postgresql.jdbc.PgConnection@b971ec3
2026-10-09T18:08:37.537+02:00  INFO 27556 --- [demo] [restartedMain] com.zaxxer.hikari.HikariDataSource       : HikariPool-18 - Start completed.
2026-10-09T18:08:37.540+02:00  WARN 27556 --- [demo] [restartedMain] org.hibernate.orm.deprecation            : HHH90000025: PostgreSQLDialect does not need to be specified explicitly using 'hibernate.dialect' (remove the property setting and it will be selected by default)
2026-10-09T18:08:37.544+02:00  INFO 27556 --- [demo] [restartedMain] org.hibernate.orm.connections.pooling    : HHH10001005: Database info:
	Database JDBC URL [jdbc:postgresql://localhost:5431/postgres]
	Database driver: PostgreSQL JDBC Driver
	Database dialect: PostgreSQLDialect
	Database version: 18.6
	Default catalog/schema: postgres/public
	Autocommit mode: undefined/unknown
	Isolation level: READ_COMMITTED [default READ_COMMITTED]
	JDBC fetch size: none
	Pool: DataSourceConnectionProvider
	Minimum pool size: undefined/unknown
	Maximum pool size: undefined/unknown
2026-10-09T18:08:37.608+02:00  INFO 27556 --- [demo] [restartedMain] org.hibernate.orm.core                   : HHH000489: No JTA platform available (set 'hibernate.transaction.jta.platform' to enable JTA platform integration)
2026-10-09T18:08:37.658+02:00  INFO 27556 --- [demo] [restartedMain] j.LocalContainerEntityManagerFactoryBean : Initialized JPA EntityManagerFactory for persistence unit 'default'
2026-10-09T18:08:37.691+02:00  WARN 27556 --- [demo] [restartedMain] JpaBaseConfiguration$JpaWebConfiguration : spring.jpa.open-in-view is enabled by default. Therefore, database queries may be performed during view rendering. Explicitly configure spring.jpa.open-in-view to disable this warning
2026-10-09T18:08:37.695+02:00  INFO 27556 --- [demo] [restartedMain] o.s.b.w.a.WelcomePageHandlerMapping      : Adding welcome page: class path resource [static/index.html]
2026-10-09T18:08:37.770+02:00  INFO 27556 --- [demo] [restartedMain] o.s.boot.tomcat.TomcatWebServer          : Tomcat started on port 8080 (http) with context path '/'
2026-10-09T18:08:37.771+02:00  INFO 27556 --- [demo] [restartedMain] com.example.dnd.Main                     : Started Main in 0.485 seconds (process running for 3029.83)
2026-10-09T18:08:37.772+02:00  INFO 27556 --- [demo] [restartedMain] .ConditionEvaluationDeltaLoggingListener : Condition evaluation unchanged
2026-10-09T18:08:39.191+02:00  INFO 27556 --- [demo] [File Watcher] rtingClassPathChangeChangedEventListener : Restarting due to 1 class path change (1 addition, 0 deletions, 0 modifications)
2026-10-09T18:08:39.192+02:00  INFO 27556 --- [demo] [Thread-69] o.s.boot.tomcat.GracefulShutdown         : Commencing graceful shutdown. Waiting for active requests to complete
2026-10-09T18:08:39.197+02:00  INFO 27556 --- [demo] [tomcat-shutdown] o.s.boot.tomcat.GracefulShutdown         : Graceful shutdown complete
2026-10-09T18:08:39.198+02:00  INFO 27556 --- [demo] [Thread-69] j.LocalContainerEntityManagerFactoryBean : Closing JPA EntityManagerFactory for persistence unit 'default'
2026-10-09T18:08:39.199+02:00  INFO 27556 --- [demo] [Thread-69] com.zaxxer.hikari.HikariDataSource       : HikariPool-18 - Shutdown initiated...
2026-10-09T18:08:39.200+02:00  INFO 27556 --- [demo] [Thread-69] com.zaxxer.hikari.HikariDataSource       : HikariPool-18 - Shutdown completed.
2026-10-09T18:08:39.275+02:00  INFO 27556 --- [demo] [restartedMain] com.example.dnd.Main                     : Starting Main using Java 25.0.2 with PID 27556 (D:\Skole\gitRepos\personal\DNDWebsite\website\BackendProject2\target\classes started by nicho in D:\Skole\gitRepos\personal\DNDWebsite\website)
2026-10-09T18:08:39.275+02:00 DEBUG 27556 --- [demo] [restartedMain] com.example.dnd.Main                     : Running with Spring Boot v4.1.1, Spring v7.0.9
2026-10-09T18:08:39.275+02:00  INFO 27556 --- [demo] [restartedMain] com.example.dnd.Main                     : No active profile set, falling back to 1 default profile: "default"
2026-10-09T18:08:39.359+02:00  INFO 27556 --- [demo] [restartedMain] .s.d.r.c.RepositoryConfigurationDelegate : Bootstrapping Spring Data JPA repositories in DEFAULT mode.
2026-10-09T18:08:39.362+02:00  INFO 27556 --- [demo] [restartedMain] .s.d.r.c.RepositoryConfigurationDelegate : Finished Spring Data repository scanning in 2 ms. Found 0 JPA repository interfaces.
2026-10-09T18:08:39.403+02:00  INFO 27556 --- [demo] [restartedMain] o.s.boot.tomcat.TomcatWebServer          : Tomcat initialized with port 8080 (http)
2026-10-09T18:08:39.405+02:00  INFO 27556 --- [demo] [restartedMain] o.apache.catalina.core.StandardService   : Starting service [Tomcat]
2026-10-09T18:08:39.405+02:00  INFO 27556 --- [demo] [restartedMain] o.apache.catalina.core.StandardEngine    : Starting Servlet engine: [Apache Tomcat/11.0.24]
2026-10-09T18:08:39.421+02:00  INFO 27556 --- [demo] [restartedMain] b.w.c.s.WebApplicationContextInitializer : Root WebApplicationContext: initialization completed in 144 ms
2026-10-09T18:08:39.439+02:00  INFO 27556 --- [demo] [restartedMain] org.hibernate.orm.jpa                    : HHH008540: Processing PersistenceUnitInfo [name: default]
2026-10-09T18:08:39.456+02:00  INFO 27556 --- [demo] [restartedMain] o.s.o.j.p.SpringPersistenceUnitInfo      : No LoadTimeWeaver setup: ignoring JPA class transformer
2026-10-09T18:08:39.456+02:00  INFO 27556 --- [demo] [restartedMain] com.zaxxer.hikari.HikariDataSource       : HikariPool-19 - Starting...
2026-10-09T18:08:39.474+02:00  INFO 27556 --- [demo] [restartedMain] com.zaxxer.hikari.pool.HikariPool        : HikariPool-19 - Added connection org.postgresql.jdbc.PgConnection@5dff6c87
2026-10-09T18:08:39.474+02:00  INFO 27556 --- [demo] [restartedMain] com.zaxxer.hikari.HikariDataSource       : HikariPool-19 - Start completed.
2026-10-09T18:08:39.476+02:00  WARN 27556 --- [demo] [restartedMain] org.hibernate.orm.deprecation            : HHH90000025: PostgreSQLDialect does not need to be specified explicitly using 'hibernate.dialect' (remove the property setting and it will be selected by default)
2026-10-09T18:08:39.479+02:00  INFO 27556 --- [demo] [restartedMain] org.hibernate.orm.connections.pooling    : HHH10001005: Database info:
	Database JDBC URL [jdbc:postgresql://localhost:5431/postgres]
	Database driver: PostgreSQL JDBC Driver
	Database dialect: PostgreSQLDialect
	Database version: 18.6
	Default catalog/schema: postgres/public
	Autocommit mode: undefined/unknown
	Isolation level: READ_COMMITTED [default READ_COMMITTED]
	JDBC fetch size: none
	Pool: DataSourceConnectionProvider
	Minimum pool size: undefined/unknown
	Maximum pool size: undefined/unknown
2026-10-09T18:08:39.535+02:00  INFO 27556 --- [demo] [restartedMain] org.hibernate.orm.core                   : HHH000489: No JTA platform available (set 'hibernate.transaction.jta.platform' to enable JTA platform integration)
2026-10-09T18:08:39.580+02:00  INFO 27556 --- [demo] [restartedMain] j.LocalContainerEntityManagerFactoryBean : Initialized JPA EntityManagerFactory for persistence unit 'default'
2026-10-09T18:08:39.607+02:00  WARN 27556 --- [demo] [restartedMain] JpaBaseConfiguration$JpaWebConfiguration : spring.jpa.open-in-view is enabled by default. Therefore, database queries may be performed during view rendering. Explicitly configure spring.jpa.open-in-view to disable this warning
2026-10-09T18:08:39.610+02:00  INFO 27556 --- [demo] [restartedMain] o.s.b.w.a.WelcomePageHandlerMapping      : Adding welcome page: class path resource [static/index.html]
2026-10-09T18:08:39.671+02:00  INFO 27556 --- [demo] [restartedMain] o.s.boot.tomcat.TomcatWebServer          : Tomcat started on port 8080 (http) with context path '/'
2026-10-09T18:08:39.672+02:00  INFO 27556 --- [demo] [restartedMain] com.example.dnd.Main                     : Started Main in 0.414 seconds (process running for 3031.731)
2026-10-09T18:08:39.673+02:00  INFO 27556 --- [demo] [restartedMain] .ConditionEvaluationDeltaLoggingListener : Condition evaluation unchanged
2026-10-09T18:11:18.659+02:00  INFO 27556 --- [demo] [File Watcher] rtingClassPathChangeChangedEventListener : Restarting due to 1 class path change (0 additions, 0 deletions, 1 modification)
2026-10-09T18:11:18.660+02:00  INFO 27556 --- [demo] [Thread-73] o.s.boot.tomcat.GracefulShutdown         : Commencing graceful shutdown. Waiting for active requests to complete
2026-10-09T18:11:18.665+02:00  INFO 27556 --- [demo] [tomcat-shutdown] o.s.boot.tomcat.GracefulShutdown         : Graceful shutdown complete
2026-10-09T18:11:18.666+02:00  INFO 27556 --- [demo] [Thread-73] j.LocalContainerEntityManagerFactoryBean : Closing JPA EntityManagerFactory for persistence unit 'default'
2026-10-09T18:11:18.666+02:00  INFO 27556 --- [demo] [Thread-73] com.zaxxer.hikari.HikariDataSource       : HikariPool-19 - Shutdown initiated...
2026-10-09T18:11:18.668+02:00  INFO 27556 --- [demo] [Thread-73] com.zaxxer.hikari.HikariDataSource       : HikariPool-19 - Shutdown completed.
2026-10-09T18:11:18.738+02:00  INFO 27556 --- [demo] [restartedMain] com.example.dnd.Main                     : Starting Main using Java 25.0.2 with PID 27556 (D:\Skole\gitRepos\personal\DNDWebsite\website\BackendProject2\target\classes started by nicho in D:\Skole\gitRepos\personal\DNDWebsite\website)
2026-10-09T18:11:18.738+02:00 DEBUG 27556 --- [demo] [restartedMain] com.example.dnd.Main                     : Running with Spring Boot v4.1.1, Spring v7.0.9
2026-10-09T18:11:18.738+02:00  INFO 27556 --- [demo] [restartedMain] com.example.dnd.Main                     : No active profile set, falling back to 1 default profile: "default"
2026-10-09T18:11:18.842+02:00  INFO 27556 --- [demo] [restartedMain] .s.d.r.c.RepositoryConfigurationDelegate : Bootstrapping Spring Data JPA repositories in DEFAULT mode.
2026-10-09T18:11:18.845+02:00  INFO 27556 --- [demo] [restartedMain] .s.d.r.c.RepositoryConfigurationDelegate : Finished Spring Data repository scanning in 1 ms. Found 0 JPA repository interfaces.
2026-10-09T18:11:18.884+02:00  INFO 27556 --- [demo] [restartedMain] o.s.boot.tomcat.TomcatWebServer          : Tomcat initialized with port 8080 (http)
2026-10-09T18:11:18.885+02:00  INFO 27556 --- [demo] [restartedMain] o.apache.catalina.core.StandardService   : Starting service [Tomcat]
2026-10-09T18:11:18.885+02:00  INFO 27556 --- [demo] [restartedMain] o.apache.catalina.core.StandardEngine    : Starting Servlet engine: [Apache Tomcat/11.0.24]
2026-10-09T18:11:18.901+02:00  INFO 27556 --- [demo] [restartedMain] b.w.c.s.WebApplicationContextInitializer : Root WebApplicationContext: initialization completed in 161 ms
2026-10-09T18:11:18.919+02:00  INFO 27556 --- [demo] [restartedMain] org.hibernate.orm.jpa                    : HHH008540: Processing PersistenceUnitInfo [name: default]
2026-10-09T18:11:18.934+02:00  INFO 27556 --- [demo] [restartedMain] o.s.o.j.p.SpringPersistenceUnitInfo      : No LoadTimeWeaver setup: ignoring JPA class transformer
2026-10-09T18:11:18.936+02:00  INFO 27556 --- [demo] [restartedMain] com.zaxxer.hikari.HikariDataSource       : HikariPool-20 - Starting...
2026-10-09T18:11:18.957+02:00  INFO 27556 --- [demo] [restartedMain] com.zaxxer.hikari.pool.HikariPool        : HikariPool-20 - Added connection org.postgresql.jdbc.PgConnection@4d0d54ae
2026-10-09T18:11:18.957+02:00  INFO 27556 --- [demo] [restartedMain] com.zaxxer.hikari.HikariDataSource       : HikariPool-20 - Start completed.
2026-10-09T18:11:18.960+02:00  WARN 27556 --- [demo] [restartedMain] org.hibernate.orm.deprecation            : HHH90000025: PostgreSQLDialect does not need to be specified explicitly using 'hibernate.dialect' (remove the property setting and it will be selected by default)
2026-10-09T18:11:18.963+02:00  INFO 27556 --- [demo] [restartedMain] org.hibernate.orm.connections.pooling    : HHH10001005: Database info:
	Database JDBC URL [jdbc:postgresql://localhost:5431/postgres]
	Database driver: PostgreSQL JDBC Driver
	Database dialect: PostgreSQLDialect
	Database version: 18.6
	Default catalog/schema: postgres/public
	Autocommit mode: undefined/unknown
	Isolation level: READ_COMMITTED [default READ_COMMITTED]
	JDBC fetch size: none
	Pool: DataSourceConnectionProvider
	Minimum pool size: undefined/unknown
	Maximum pool size: undefined/unknown
2026-10-09T18:11:19.025+02:00  INFO 27556 --- [demo] [restartedMain] org.hibernate.orm.core                   : HHH000489: No JTA platform available (set 'hibernate.transaction.jta.platform' to enable JTA platform integration)
2026-10-09T18:11:19.071+02:00  INFO 27556 --- [demo] [restartedMain] j.LocalContainerEntityManagerFactoryBean : Initialized JPA EntityManagerFactory for persistence unit 'default'
2026-10-09T18:11:19.098+02:00  WARN 27556 --- [demo] [restartedMain] JpaBaseConfiguration$JpaWebConfiguration : spring.jpa.open-in-view is enabled by default. Therefore, database queries may be performed during view rendering. Explicitly configure spring.jpa.open-in-view to disable this warning
2026-10-09T18:11:19.102+02:00  INFO 27556 --- [demo] [restartedMain] o.s.b.w.a.WelcomePageHandlerMapping      : Adding welcome page: class path resource [static/index.html]
2026-10-09T18:11:19.156+02:00  INFO 27556 --- [demo] [restartedMain] o.s.boot.tomcat.TomcatWebServer          : Tomcat started on port 8080 (http) with context path '/'
2026-10-09T18:11:19.157+02:00  INFO 27556 --- [demo] [restartedMain] com.example.dnd.Main                     : Started Main in 0.433 seconds (process running for 3191.216)
2026-10-09T18:11:19.157+02:00  INFO 27556 --- [demo] [restartedMain] .ConditionEvaluationDeltaLoggingListener : Condition evaluation unchanged
2026-10-09T18:13:38.756+02:00  INFO 27556 --- [demo] [File Watcher] rtingClassPathChangeChangedEventListener : Restarting due to 1 class path change (0 additions, 0 deletions, 1 modification)
2026-10-09T18:13:38.756+02:00  INFO 27556 --- [demo] [Thread-77] o.s.boot.tomcat.GracefulShutdown         : Commencing graceful shutdown. Waiting for active requests to complete
2026-10-09T18:13:38.761+02:00  INFO 27556 --- [demo] [tomcat-shutdown] o.s.boot.tomcat.GracefulShutdown         : Graceful shutdown complete
2026-10-09T18:13:38.762+02:00  INFO 27556 --- [demo] [Thread-77] j.LocalContainerEntityManagerFactoryBean : Closing JPA EntityManagerFactory for persistence unit 'default'
2026-10-09T18:13:38.763+02:00  INFO 27556 --- [demo] [Thread-77] com.zaxxer.hikari.HikariDataSource       : HikariPool-20 - Shutdown initiated...
2026-10-09T18:13:38.764+02:00  INFO 27556 --- [demo] [Thread-77] com.zaxxer.hikari.HikariDataSource       : HikariPool-20 - Shutdown completed.
2026-10-09T18:13:38.828+02:00  INFO 27556 --- [demo] [restartedMain] com.example.dnd.Main                     : Starting Main using Java 25.0.2 with PID 27556 (D:\Skole\gitRepos\personal\DNDWebsite\website\BackendProject2\target\classes started by nicho in D:\Skole\gitRepos\personal\DNDWebsite\website)
2026-10-09T18:13:38.829+02:00 DEBUG 27556 --- [demo] [restartedMain] com.example.dnd.Main                     : Running with Spring Boot v4.1.1, Spring v7.0.9
2026-10-09T18:13:38.829+02:00  INFO 27556 --- [demo] [restartedMain] com.example.dnd.Main                     : No active profile set, falling back to 1 default profile: "default"
2026-10-09T18:13:38.902+02:00  INFO 27556 --- [demo] [restartedMain] .s.d.r.c.RepositoryConfigurationDelegate : Bootstrapping Spring Data JPA repositories in DEFAULT mode.
2026-10-09T18:13:38.905+02:00  INFO 27556 --- [demo] [restartedMain] .s.d.r.c.RepositoryConfigurationDelegate : Finished Spring Data repository scanning in 1 ms. Found 0 JPA repository interfaces.
2026-10-09T18:13:38.941+02:00  INFO 27556 --- [demo] [restartedMain] o.s.boot.tomcat.TomcatWebServer          : Tomcat initialized with port 8080 (http)
2026-10-09T18:13:38.941+02:00  INFO 27556 --- [demo] [restartedMain] o.apache.catalina.core.StandardService   : Starting service [Tomcat]
2026-10-09T18:13:38.941+02:00  INFO 27556 --- [demo] [restartedMain] o.apache.catalina.core.StandardEngine    : Starting Servlet engine: [Apache Tomcat/11.0.24]
2026-10-09T18:13:38.957+02:00  INFO 27556 --- [demo] [restartedMain] b.w.c.s.WebApplicationContextInitializer : Root WebApplicationContext: initialization completed in 127 ms
2026-10-09T18:13:38.976+02:00  INFO 27556 --- [demo] [restartedMain] org.hibernate.orm.jpa                    : HHH008540: Processing PersistenceUnitInfo [name: default]
2026-10-09T18:13:38.991+02:00  INFO 27556 --- [demo] [restartedMain] o.s.o.j.p.SpringPersistenceUnitInfo      : No LoadTimeWeaver setup: ignoring JPA class transformer
2026-10-09T18:13:38.992+02:00  INFO 27556 --- [demo] [restartedMain] com.zaxxer.hikari.HikariDataSource       : HikariPool-21 - Starting...
2026-10-09T18:13:39.010+02:00  INFO 27556 --- [demo] [restartedMain] com.zaxxer.hikari.pool.HikariPool        : HikariPool-21 - Added connection org.postgresql.jdbc.PgConnection@86bec7b
2026-10-09T18:13:39.010+02:00  INFO 27556 --- [demo] [restartedMain] com.zaxxer.hikari.HikariDataSource       : HikariPool-21 - Start completed.
2026-10-09T18:13:39.013+02:00  WARN 27556 --- [demo] [restartedMain] org.hibernate.orm.deprecation            : HHH90000025: PostgreSQLDialect does not need to be specified explicitly using 'hibernate.dialect' (remove the property setting and it will be selected by default)
2026-10-09T18:13:39.016+02:00  INFO 27556 --- [demo] [restartedMain] org.hibernate.orm.connections.pooling    : HHH10001005: Database info:
	Database JDBC URL [jdbc:postgresql://localhost:5431/postgres]
	Database driver: PostgreSQL JDBC Driver
	Database dialect: PostgreSQLDialect
	Database version: 18.6
	Default catalog/schema: postgres/public
	Autocommit mode: undefined/unknown
	Isolation level: READ_COMMITTED [default READ_COMMITTED]
	JDBC fetch size: none
	Pool: DataSourceConnectionProvider
	Minimum pool size: undefined/unknown
	Maximum pool size: undefined/unknown
2026-10-09T18:13:39.074+02:00  INFO 27556 --- [demo] [restartedMain] org.hibernate.orm.core                   : HHH000489: No JTA platform available (set 'hibernate.transaction.jta.platform' to enable JTA platform integration)
2026-10-09T18:13:39.121+02:00  INFO 27556 --- [demo] [restartedMain] j.LocalContainerEntityManagerFactoryBean : Initialized JPA EntityManagerFactory for persistence unit 'default'
2026-10-09T18:13:39.145+02:00  WARN 27556 --- [demo] [restartedMain] JpaBaseConfiguration$JpaWebConfiguration : spring.jpa.open-in-view is enabled by default. Therefore, database queries may be performed during view rendering. Explicitly configure spring.jpa.open-in-view to disable this warning
2026-10-09T18:13:39.149+02:00  INFO 27556 --- [demo] [restartedMain] o.s.b.w.a.WelcomePageHandlerMapping      : Adding welcome page: class path resource [static/index.html]
2026-10-09T18:13:39.201+02:00  INFO 27556 --- [demo] [restartedMain] o.s.boot.tomcat.TomcatWebServer          : Tomcat started on port 8080 (http) with context path '/'
2026-10-09T18:13:39.203+02:00  INFO 27556 --- [demo] [restartedMain] com.example.dnd.Main                     : Started Main in 0.387 seconds (process running for 3331.262)
2026-10-09T18:13:39.203+02:00  INFO 27556 --- [demo] [restartedMain] .ConditionEvaluationDeltaLoggingListener : Condition evaluation unchanged
2026-10-09T18:16:47.314+02:00  INFO 27556 --- [demo] [File Watcher] rtingClassPathChangeChangedEventListener : Restarting due to 1 class path change (0 additions, 0 deletions, 1 modification)
2026-10-09T18:16:47.314+02:00  INFO 27556 --- [demo] [Thread-81] o.s.boot.tomcat.GracefulShutdown         : Commencing graceful shutdown. Waiting for active requests to complete
2026-10-09T18:16:47.320+02:00  INFO 27556 --- [demo] [tomcat-shutdown] o.s.boot.tomcat.GracefulShutdown         : Graceful shutdown complete
2026-10-09T18:16:47.321+02:00  INFO 27556 --- [demo] [Thread-81] j.LocalContainerEntityManagerFactoryBean : Closing JPA EntityManagerFactory for persistence unit 'default'
2026-10-09T18:16:47.322+02:00  INFO 27556 --- [demo] [Thread-81] com.zaxxer.hikari.HikariDataSource       : HikariPool-21 - Shutdown initiated...
2026-10-09T18:16:47.324+02:00  INFO 27556 --- [demo] [Thread-81] com.zaxxer.hikari.HikariDataSource       : HikariPool-21 - Shutdown completed.
2026-10-09T18:16:47.394+02:00  INFO 27556 --- [demo] [restartedMain] com.example.dnd.Main                     : Starting Main using Java 25.0.2 with PID 27556 (D:\Skole\gitRepos\personal\DNDWebsite\website\BackendProject2\target\classes started by nicho in D:\Skole\gitRepos\personal\DNDWebsite\website)
2026-10-09T18:16:47.395+02:00 DEBUG 27556 --- [demo] [restartedMain] com.example.dnd.Main                     : Running with Spring Boot v4.1.1, Spring v7.0.9
2026-10-09T18:16:47.395+02:00  INFO 27556 --- [demo] [restartedMain] com.example.dnd.Main                     : No active profile set, falling back to 1 default profile: "default"
2026-10-09T18:16:47.487+02:00  INFO 27556 --- [demo] [restartedMain] .s.d.r.c.RepositoryConfigurationDelegate : Bootstrapping Spring Data JPA repositories in DEFAULT mode.
2026-10-09T18:16:47.490+02:00  INFO 27556 --- [demo] [restartedMain] .s.d.r.c.RepositoryConfigurationDelegate : Finished Spring Data repository scanning in 2 ms. Found 0 JPA repository interfaces.
2026-10-09T18:16:47.546+02:00  INFO 27556 --- [demo] [restartedMain] o.s.boot.tomcat.TomcatWebServer          : Tomcat initialized with port 8080 (http)
2026-10-09T18:16:47.548+02:00  INFO 27556 --- [demo] [restartedMain] o.apache.catalina.core.StandardService   : Starting service [Tomcat]
2026-10-09T18:16:47.548+02:00  INFO 27556 --- [demo] [restartedMain] o.apache.catalina.core.StandardEngine    : Starting Servlet engine: [Apache Tomcat/11.0.24]
2026-10-09T18:16:47.568+02:00  INFO 27556 --- [demo] [restartedMain] b.w.c.s.WebApplicationContextInitializer : Root WebApplicationContext: initialization completed in 172 ms
2026-10-09T18:16:47.594+02:00  INFO 27556 --- [demo] [restartedMain] org.hibernate.orm.jpa                    : HHH008540: Processing PersistenceUnitInfo [name: default]
2026-10-09T18:16:47.614+02:00  INFO 27556 --- [demo] [restartedMain] o.s.o.j.p.SpringPersistenceUnitInfo      : No LoadTimeWeaver setup: ignoring JPA class transformer
2026-10-09T18:16:47.615+02:00  INFO 27556 --- [demo] [restartedMain] com.zaxxer.hikari.HikariDataSource       : HikariPool-22 - Starting...
2026-10-09T18:16:47.635+02:00  INFO 27556 --- [demo] [restartedMain] com.zaxxer.hikari.pool.HikariPool        : HikariPool-22 - Added connection org.postgresql.jdbc.PgConnection@4f79d0af
2026-10-09T18:16:47.635+02:00  INFO 27556 --- [demo] [restartedMain] com.zaxxer.hikari.HikariDataSource       : HikariPool-22 - Start completed.
2026-10-09T18:16:47.638+02:00  WARN 27556 --- [demo] [restartedMain] org.hibernate.orm.deprecation            : HHH90000025: PostgreSQLDialect does not need to be specified explicitly using 'hibernate.dialect' (remove the property setting and it will be selected by default)
2026-10-09T18:16:47.641+02:00  INFO 27556 --- [demo] [restartedMain] org.hibernate.orm.connections.pooling    : HHH10001005: Database info:
	Database JDBC URL [jdbc:postgresql://localhost:5431/postgres]
	Database driver: PostgreSQL JDBC Driver
	Database dialect: PostgreSQLDialect
	Database version: 18.6
	Default catalog/schema: postgres/public
	Autocommit mode: undefined/unknown
	Isolation level: READ_COMMITTED [default READ_COMMITTED]
	JDBC fetch size: none
	Pool: DataSourceConnectionProvider
	Minimum pool size: undefined/unknown
	Maximum pool size: undefined/unknown
2026-10-09T18:16:47.706+02:00  INFO 27556 --- [demo] [restartedMain] org.hibernate.orm.core                   : HHH000489: No JTA platform available (set 'hibernate.transaction.jta.platform' to enable JTA platform integration)
2026-10-09T18:16:47.753+02:00  INFO 27556 --- [demo] [restartedMain] j.LocalContainerEntityManagerFactoryBean : Initialized JPA EntityManagerFactory for persistence unit 'default'
2026-10-09T18:16:47.778+02:00  WARN 27556 --- [demo] [restartedMain] JpaBaseConfiguration$JpaWebConfiguration : spring.jpa.open-in-view is enabled by default. Therefore, database queries may be performed during view rendering. Explicitly configure spring.jpa.open-in-view to disable this warning
2026-10-09T18:16:47.782+02:00  INFO 27556 --- [demo] [restartedMain] o.s.b.w.a.WelcomePageHandlerMapping      : Adding welcome page: class path resource [static/index.html]
2026-10-09T18:16:47.849+02:00  INFO 27556 --- [demo] [restartedMain] o.s.boot.tomcat.TomcatWebServer          : Tomcat started on port 8080 (http) with context path '/'
2026-10-09T18:16:47.851+02:00  INFO 27556 --- [demo] [restartedMain] com.example.dnd.Main                     : Started Main in 0.473 seconds (process running for 3519.909)
2026-10-09T18:16:47.851+02:00  INFO 27556 --- [demo] [restartedMain] .ConditionEvaluationDeltaLoggingListener : Condition evaluation unchanged
2026-10-09T18:19:56.487+02:00  INFO 27556 --- [demo] [File Watcher] rtingClassPathChangeChangedEventListener : Restarting due to 1 class path change (0 additions, 0 deletions, 1 modification)
2026-10-09T18:19:56.488+02:00  INFO 27556 --- [demo] [Thread-85] o.s.boot.tomcat.GracefulShutdown         : Commencing graceful shutdown. Waiting for active requests to complete
2026-10-09T18:19:56.493+02:00  INFO 27556 --- [demo] [tomcat-shutdown] o.s.boot.tomcat.GracefulShutdown         : Graceful shutdown complete
2026-10-09T18:19:56.494+02:00  INFO 27556 --- [demo] [Thread-85] j.LocalContainerEntityManagerFactoryBean : Closing JPA EntityManagerFactory for persistence unit 'default'
2026-10-09T18:19:56.494+02:00  INFO 27556 --- [demo] [Thread-85] com.zaxxer.hikari.HikariDataSource       : HikariPool-22 - Shutdown initiated...
2026-10-09T18:19:56.495+02:00  INFO 27556 --- [demo] [Thread-85] com.zaxxer.hikari.HikariDataSource       : HikariPool-22 - Shutdown completed.
2026-10-09T18:19:56.569+02:00  INFO 27556 --- [demo] [restartedMain] com.example.dnd.Main                     : Starting Main using Java 25.0.2 with PID 27556 (D:\Skole\gitRepos\personal\DNDWebsite\website\BackendProject2\target\classes started by nicho in D:\Skole\gitRepos\personal\DNDWebsite\website)
2026-10-09T18:19:56.569+02:00 DEBUG 27556 --- [demo] [restartedMain] com.example.dnd.Main                     : Running with Spring Boot v4.1.1, Spring v7.0.9
2026-10-09T18:19:56.569+02:00  INFO 27556 --- [demo] [restartedMain] com.example.dnd.Main                     : No active profile set, falling back to 1 default profile: "default"
2026-10-09T18:19:56.657+02:00  INFO 27556 --- [demo] [restartedMain] .s.d.r.c.RepositoryConfigurationDelegate : Bootstrapping Spring Data JPA repositories in DEFAULT mode.
2026-10-09T18:19:56.660+02:00  INFO 27556 --- [demo] [restartedMain] .s.d.r.c.RepositoryConfigurationDelegate : Finished Spring Data repository scanning in 2 ms. Found 0 JPA repository interfaces.
2026-10-09T18:19:56.713+02:00  INFO 27556 --- [demo] [restartedMain] o.s.boot.tomcat.TomcatWebServer          : Tomcat initialized with port 8080 (http)
2026-10-09T18:19:56.715+02:00  INFO 27556 --- [demo] [restartedMain] o.apache.catalina.core.StandardService   : Starting service [Tomcat]
2026-10-09T18:19:56.715+02:00  INFO 27556 --- [demo] [restartedMain] o.apache.catalina.core.StandardEngine    : Starting Servlet engine: [Apache Tomcat/11.0.24]
2026-10-09T18:19:56.733+02:00  INFO 27556 --- [demo] [restartedMain] b.w.c.s.WebApplicationContextInitializer : Root WebApplicationContext: initialization completed in 163 ms
2026-10-09T18:19:56.758+02:00  INFO 27556 --- [demo] [restartedMain] org.hibernate.orm.jpa                    : HHH008540: Processing PersistenceUnitInfo [name: default]
2026-10-09T18:19:56.777+02:00  INFO 27556 --- [demo] [restartedMain] o.s.o.j.p.SpringPersistenceUnitInfo      : No LoadTimeWeaver setup: ignoring JPA class transformer
2026-10-09T18:19:56.778+02:00  INFO 27556 --- [demo] [restartedMain] com.zaxxer.hikari.HikariDataSource       : HikariPool-23 - Starting...
2026-10-09T18:19:56.796+02:00  INFO 27556 --- [demo] [restartedMain] com.zaxxer.hikari.pool.HikariPool        : HikariPool-23 - Added connection org.postgresql.jdbc.PgConnection@6c9b4347
2026-10-09T18:19:56.796+02:00  INFO 27556 --- [demo] [restartedMain] com.zaxxer.hikari.HikariDataSource       : HikariPool-23 - Start completed.
2026-10-09T18:19:56.799+02:00  WARN 27556 --- [demo] [restartedMain] org.hibernate.orm.deprecation            : HHH90000025: PostgreSQLDialect does not need to be specified explicitly using 'hibernate.dialect' (remove the property setting and it will be selected by default)
2026-10-09T18:19:56.802+02:00  INFO 27556 --- [demo] [restartedMain] org.hibernate.orm.connections.pooling    : HHH10001005: Database info:
	Database JDBC URL [jdbc:postgresql://localhost:5431/postgres]
	Database driver: PostgreSQL JDBC Driver
	Database dialect: PostgreSQLDialect
	Database version: 18.6
	Default catalog/schema: postgres/public
	Autocommit mode: undefined/unknown
	Isolation level: READ_COMMITTED [default READ_COMMITTED]
	JDBC fetch size: none
	Pool: DataSourceConnectionProvider
	Minimum pool size: undefined/unknown
	Maximum pool size: undefined/unknown
2026-10-09T18:19:56.860+02:00  INFO 27556 --- [demo] [restartedMain] org.hibernate.orm.core                   : HHH000489: No JTA platform available (set 'hibernate.transaction.jta.platform' to enable JTA platform integration)
2026-10-09T18:19:56.905+02:00  INFO 27556 --- [demo] [restartedMain] j.LocalContainerEntityManagerFactoryBean : Initialized JPA EntityManagerFactory for persistence unit 'default'
2026-10-09T18:19:56.939+02:00  WARN 27556 --- [demo] [restartedMain] JpaBaseConfiguration$JpaWebConfiguration : spring.jpa.open-in-view is enabled by default. Therefore, database queries may be performed during view rendering. Explicitly configure spring.jpa.open-in-view to disable this warning
2026-10-09T18:19:56.943+02:00  INFO 27556 --- [demo] [restartedMain] o.s.b.w.a.WelcomePageHandlerMapping      : Adding welcome page: class path resource [static/index.html]
2026-10-09T18:19:57.011+02:00  INFO 27556 --- [demo] [restartedMain] o.s.boot.tomcat.TomcatWebServer          : Tomcat started on port 8080 (http) with context path '/'
2026-10-09T18:19:57.013+02:00  INFO 27556 --- [demo] [restartedMain] com.example.dnd.Main                     : Started Main in 0.462 seconds (process running for 3709.072)
2026-10-09T18:19:57.013+02:00  INFO 27556 --- [demo] [restartedMain] .ConditionEvaluationDeltaLoggingListener : Condition evaluation unchanged
2026-10-09T18:25:40.419+02:00  INFO 27556 --- [demo] [File Watcher] rtingClassPathChangeChangedEventListener : Restarting due to 1 class path change (0 additions, 1 deletion, 0 modifications)
2026-10-09T18:25:40.421+02:00  INFO 27556 --- [demo] [Thread-89] o.s.boot.tomcat.GracefulShutdown         : Commencing graceful shutdown. Waiting for active requests to complete
2026-10-09T18:25:40.427+02:00  INFO 27556 --- [demo] [tomcat-shutdown] o.s.boot.tomcat.GracefulShutdown         : Graceful shutdown complete
2026-10-09T18:25:40.428+02:00  INFO 27556 --- [demo] [Thread-89] j.LocalContainerEntityManagerFactoryBean : Closing JPA EntityManagerFactory for persistence unit 'default'
2026-10-09T18:25:40.428+02:00  INFO 27556 --- [demo] [Thread-89] com.zaxxer.hikari.HikariDataSource       : HikariPool-23 - Shutdown initiated...
2026-10-09T18:25:40.430+02:00  INFO 27556 --- [demo] [Thread-89] com.zaxxer.hikari.HikariDataSource       : HikariPool-23 - Shutdown completed.
2026-10-09T18:25:40.498+02:00  INFO 27556 --- [demo] [restartedMain] com.example.dnd.Main                     : Starting Main using Java 25.0.2 with PID 27556 (D:\Skole\gitRepos\personal\DNDWebsite\website\BackendProject2\target\classes started by nicho in D:\Skole\gitRepos\personal\DNDWebsite\website)
2026-10-09T18:25:40.499+02:00 DEBUG 27556 --- [demo] [restartedMain] com.example.dnd.Main                     : Running with Spring Boot v4.1.1, Spring v7.0.9
2026-10-09T18:25:40.499+02:00  INFO 27556 --- [demo] [restartedMain] com.example.dnd.Main                     : No active profile set, falling back to 1 default profile: "default"
2026-10-09T18:25:40.580+02:00  INFO 27556 --- [demo] [restartedMain] .s.d.r.c.RepositoryConfigurationDelegate : Bootstrapping Spring Data JPA repositories in DEFAULT mode.
2026-10-09T18:25:40.583+02:00  INFO 27556 --- [demo] [restartedMain] .s.d.r.c.RepositoryConfigurationDelegate : Finished Spring Data repository scanning in 2 ms. Found 0 JPA repository interfaces.
2026-10-09T18:25:40.632+02:00  INFO 27556 --- [demo] [restartedMain] o.s.boot.tomcat.TomcatWebServer          : Tomcat initialized with port 8080 (http)
2026-10-09T18:25:40.634+02:00  INFO 27556 --- [demo] [restartedMain] o.apache.catalina.core.StandardService   : Starting service [Tomcat]
2026-10-09T18:25:40.634+02:00  INFO 27556 --- [demo] [restartedMain] o.apache.catalina.core.StandardEngine    : Starting Servlet engine: [Apache Tomcat/11.0.24]
2026-10-09T18:25:40.658+02:00  INFO 27556 --- [demo] [restartedMain] b.w.c.s.WebApplicationContextInitializer : Root WebApplicationContext: initialization completed in 158 ms
2026-10-09T18:25:40.684+02:00  INFO 27556 --- [demo] [restartedMain] org.hibernate.orm.jpa                    : HHH008540: Processing PersistenceUnitInfo [name: default]
2026-10-09T18:25:40.702+02:00  INFO 27556 --- [demo] [restartedMain] o.s.o.j.p.SpringPersistenceUnitInfo      : No LoadTimeWeaver setup: ignoring JPA class transformer
2026-10-09T18:25:40.702+02:00  INFO 27556 --- [demo] [restartedMain] com.zaxxer.hikari.HikariDataSource       : HikariPool-24 - Starting...
2026-10-09T18:25:40.722+02:00  INFO 27556 --- [demo] [restartedMain] com.zaxxer.hikari.pool.HikariPool        : HikariPool-24 - Added connection org.postgresql.jdbc.PgConnection@72cab4c3
2026-10-09T18:25:40.722+02:00  INFO 27556 --- [demo] [restartedMain] com.zaxxer.hikari.HikariDataSource       : HikariPool-24 - Start completed.
2026-10-09T18:25:40.725+02:00  WARN 27556 --- [demo] [restartedMain] org.hibernate.orm.deprecation            : HHH90000025: PostgreSQLDialect does not need to be specified explicitly using 'hibernate.dialect' (remove the property setting and it will be selected by default)
2026-10-09T18:25:40.728+02:00  INFO 27556 --- [demo] [restartedMain] org.hibernate.orm.connections.pooling    : HHH10001005: Database info:
	Database JDBC URL [jdbc:postgresql://localhost:5431/postgres]
	Database driver: PostgreSQL JDBC Driver
	Database dialect: PostgreSQLDialect
	Database version: 18.6
	Default catalog/schema: postgres/public
	Autocommit mode: undefined/unknown
	Isolation level: READ_COMMITTED [default READ_COMMITTED]
	JDBC fetch size: none
	Pool: DataSourceConnectionProvider
	Minimum pool size: undefined/unknown
	Maximum pool size: undefined/unknown
2026-10-09T18:25:40.785+02:00  INFO 27556 --- [demo] [restartedMain] org.hibernate.orm.core                   : HHH000489: No JTA platform available (set 'hibernate.transaction.jta.platform' to enable JTA platform integration)
2026-10-09T18:25:40.829+02:00  INFO 27556 --- [demo] [restartedMain] j.LocalContainerEntityManagerFactoryBean : Initialized JPA EntityManagerFactory for persistence unit 'default'
2026-10-09T18:25:40.857+02:00  WARN 27556 --- [demo] [restartedMain] JpaBaseConfiguration$JpaWebConfiguration : spring.jpa.open-in-view is enabled by default. Therefore, database queries may be performed during view rendering. Explicitly configure spring.jpa.open-in-view to disable this warning
2026-10-09T18:25:40.861+02:00  INFO 27556 --- [demo] [restartedMain] o.s.b.w.a.WelcomePageHandlerMapping      : Adding welcome page: class path resource [static/index.html]
2026-10-09T18:25:40.924+02:00  INFO 27556 --- [demo] [restartedMain] o.s.boot.tomcat.TomcatWebServer          : Tomcat started on port 8080 (http) with context path '/'
2026-10-09T18:25:40.925+02:00  INFO 27556 --- [demo] [restartedMain] com.example.dnd.Main                     : Started Main in 0.441 seconds (process running for 4052.984)
2026-10-09T18:25:40.925+02:00  INFO 27556 --- [demo] [restartedMain] .ConditionEvaluationDeltaLoggingListener : Condition evaluation unchanged
2026-10-09T18:25:42.331+02:00  INFO 27556 --- [demo] [File Watcher] rtingClassPathChangeChangedEventListener : Restarting due to 1 class path change (1 addition, 0 deletions, 0 modifications)
2026-10-09T18:25:42.332+02:00  INFO 27556 --- [demo] [Thread-93] o.s.boot.tomcat.GracefulShutdown         : Commencing graceful shutdown. Waiting for active requests to complete
2026-10-09T18:25:42.337+02:00  INFO 27556 --- [demo] [tomcat-shutdown] o.s.boot.tomcat.GracefulShutdown         : Graceful shutdown complete
2026-10-09T18:25:42.337+02:00  INFO 27556 --- [demo] [Thread-93] j.LocalContainerEntityManagerFactoryBean : Closing JPA EntityManagerFactory for persistence unit 'default'
2026-10-09T18:25:42.338+02:00  INFO 27556 --- [demo] [Thread-93] com.zaxxer.hikari.HikariDataSource       : HikariPool-24 - Shutdown initiated...
2026-10-09T18:25:42.339+02:00  INFO 27556 --- [demo] [Thread-93] com.zaxxer.hikari.HikariDataSource       : HikariPool-24 - Shutdown completed.
2026-10-09T18:25:42.400+02:00  INFO 27556 --- [demo] [restartedMain] com.example.dnd.Main                     : Starting Main using Java 25.0.2 with PID 27556 (D:\Skole\gitRepos\personal\DNDWebsite\website\BackendProject2\target\classes started by nicho in D:\Skole\gitRepos\personal\DNDWebsite\website)
2026-10-09T18:25:42.400+02:00 DEBUG 27556 --- [demo] [restartedMain] com.example.dnd.Main                     : Running with Spring Boot v4.1.1, Spring v7.0.9
2026-10-09T18:25:42.400+02:00  INFO 27556 --- [demo] [restartedMain] com.example.dnd.Main                     : No active profile set, falling back to 1 default profile: "default"
2026-10-09T18:25:42.471+02:00  INFO 27556 --- [demo] [restartedMain] .s.d.r.c.RepositoryConfigurationDelegate : Bootstrapping Spring Data JPA repositories in DEFAULT mode.
2026-10-09T18:25:42.475+02:00  INFO 27556 --- [demo] [restartedMain] .s.d.r.c.RepositoryConfigurationDelegate : Finished Spring Data repository scanning in 1 ms. Found 0 JPA repository interfaces.
2026-10-09T18:25:42.508+02:00  INFO 27556 --- [demo] [restartedMain] o.s.boot.tomcat.TomcatWebServer          : Tomcat initialized with port 8080 (http)
2026-10-09T18:25:42.508+02:00  INFO 27556 --- [demo] [restartedMain] o.apache.catalina.core.StandardService   : Starting service [Tomcat]
2026-10-09T18:25:42.508+02:00  INFO 27556 --- [demo] [restartedMain] o.apache.catalina.core.StandardEngine    : Starting Servlet engine: [Apache Tomcat/11.0.24]
2026-10-09T18:25:42.523+02:00  INFO 27556 --- [demo] [restartedMain] b.w.c.s.WebApplicationContextInitializer : Root WebApplicationContext: initialization completed in 122 ms
2026-10-09T18:25:42.542+02:00  INFO 27556 --- [demo] [restartedMain] org.hibernate.orm.jpa                    : HHH008540: Processing PersistenceUnitInfo [name: default]
2026-10-09T18:25:42.557+02:00  INFO 27556 --- [demo] [restartedMain] o.s.o.j.p.SpringPersistenceUnitInfo      : No LoadTimeWeaver setup: ignoring JPA class transformer
2026-10-09T18:25:42.557+02:00  INFO 27556 --- [demo] [restartedMain] com.zaxxer.hikari.HikariDataSource       : HikariPool-25 - Starting...
2026-10-09T18:25:42.575+02:00  INFO 27556 --- [demo] [restartedMain] com.zaxxer.hikari.pool.HikariPool        : HikariPool-25 - Added connection org.postgresql.jdbc.PgConnection@2994e049
2026-10-09T18:25:42.575+02:00  INFO 27556 --- [demo] [restartedMain] com.zaxxer.hikari.HikariDataSource       : HikariPool-25 - Start completed.
2026-10-09T18:25:42.576+02:00  WARN 27556 --- [demo] [restartedMain] org.hibernate.orm.deprecation            : HHH90000025: PostgreSQLDialect does not need to be specified explicitly using 'hibernate.dialect' (remove the property setting and it will be selected by default)
2026-10-09T18:25:42.580+02:00  INFO 27556 --- [demo] [restartedMain] org.hibernate.orm.connections.pooling    : HHH10001005: Database info:
	Database JDBC URL [jdbc:postgresql://localhost:5431/postgres]
	Database driver: PostgreSQL JDBC Driver
	Database dialect: PostgreSQLDialect
	Database version: 18.6
	Default catalog/schema: postgres/public
	Autocommit mode: undefined/unknown
	Isolation level: READ_COMMITTED [default READ_COMMITTED]
	JDBC fetch size: none
	Pool: DataSourceConnectionProvider
	Minimum pool size: undefined/unknown
	Maximum pool size: undefined/unknown
2026-10-09T18:25:42.629+02:00  INFO 27556 --- [demo] [restartedMain] org.hibernate.orm.core                   : HHH000489: No JTA platform available (set 'hibernate.transaction.jta.platform' to enable JTA platform integration)
2026-10-09T18:25:42.671+02:00  INFO 27556 --- [demo] [restartedMain] j.LocalContainerEntityManagerFactoryBean : Initialized JPA EntityManagerFactory for persistence unit 'default'
2026-10-09T18:25:42.692+02:00  WARN 27556 --- [demo] [restartedMain] JpaBaseConfiguration$JpaWebConfiguration : spring.jpa.open-in-view is enabled by default. Therefore, database queries may be performed during view rendering. Explicitly configure spring.jpa.open-in-view to disable this warning
2026-10-09T18:25:42.694+02:00  INFO 27556 --- [demo] [restartedMain] o.s.b.w.a.WelcomePageHandlerMapping      : Adding welcome page: class path resource [static/index.html]
2026-10-09T18:25:42.742+02:00  INFO 27556 --- [demo] [restartedMain] o.s.boot.tomcat.TomcatWebServer          : Tomcat started on port 8080 (http) with context path '/'
2026-10-09T18:25:42.743+02:00  INFO 27556 --- [demo] [restartedMain] com.example.dnd.Main                     : Started Main in 0.355 seconds (process running for 4054.803)
2026-10-09T18:25:42.744+02:00  INFO 27556 --- [demo] [restartedMain] .ConditionEvaluationDeltaLoggingListener : Condition evaluation unchanged
2026-10-09T18:26:48.172+02:00  INFO 27556 --- [demo] [File Watcher] rtingClassPathChangeChangedEventListener : Restarting due to 1 class path change (0 additions, 0 deletions, 1 modification)
2026-10-09T18:26:48.173+02:00  INFO 27556 --- [demo] [Thread-97] o.s.boot.tomcat.GracefulShutdown         : Commencing graceful shutdown. Waiting for active requests to complete
2026-10-09T18:26:48.178+02:00  INFO 27556 --- [demo] [tomcat-shutdown] o.s.boot.tomcat.GracefulShutdown         : Graceful shutdown complete
2026-10-09T18:26:48.179+02:00  INFO 27556 --- [demo] [Thread-97] j.LocalContainerEntityManagerFactoryBean : Closing JPA EntityManagerFactory for persistence unit 'default'
2026-10-09T18:26:48.179+02:00  INFO 27556 --- [demo] [Thread-97] com.zaxxer.hikari.HikariDataSource       : HikariPool-25 - Shutdown initiated...
2026-10-09T18:26:48.180+02:00  INFO 27556 --- [demo] [Thread-97] com.zaxxer.hikari.HikariDataSource       : HikariPool-25 - Shutdown completed.
2026-10-09T18:26:48.248+02:00  INFO 27556 --- [demo] [restartedMain] com.example.dnd.Main                     : Starting Main using Java 25.0.2 with PID 27556 (D:\Skole\gitRepos\personal\DNDWebsite\website\BackendProject2\target\classes started by nicho in D:\Skole\gitRepos\personal\DNDWebsite\website)
2026-10-09T18:26:48.248+02:00 DEBUG 27556 --- [demo] [restartedMain] com.example.dnd.Main                     : Running with Spring Boot v4.1.1, Spring v7.0.9
2026-10-09T18:26:48.248+02:00  INFO 27556 --- [demo] [restartedMain] com.example.dnd.Main                     : No active profile set, falling back to 1 default profile: "default"
2026-10-09T18:26:48.324+02:00  INFO 27556 --- [demo] [restartedMain] .s.d.r.c.RepositoryConfigurationDelegate : Bootstrapping Spring Data JPA repositories in DEFAULT mode.
2026-10-09T18:26:48.327+02:00  INFO 27556 --- [demo] [restartedMain] .s.d.r.c.RepositoryConfigurationDelegate : Finished Spring Data repository scanning in 2 ms. Found 0 JPA repository interfaces.
2026-10-09T18:26:48.362+02:00  INFO 27556 --- [demo] [restartedMain] o.s.boot.tomcat.TomcatWebServer          : Tomcat initialized with port 8080 (http)
2026-10-09T18:26:48.362+02:00  INFO 27556 --- [demo] [restartedMain] o.apache.catalina.core.StandardService   : Starting service [Tomcat]
2026-10-09T18:26:48.362+02:00  INFO 27556 --- [demo] [restartedMain] o.apache.catalina.core.StandardEngine    : Starting Servlet engine: [Apache Tomcat/11.0.24]
2026-10-09T18:26:48.378+02:00  INFO 27556 --- [demo] [restartedMain] b.w.c.s.WebApplicationContextInitializer : Root WebApplicationContext: initialization completed in 129 ms
2026-10-09T18:26:48.395+02:00  INFO 27556 --- [demo] [restartedMain] org.hibernate.orm.jpa                    : HHH008540: Processing PersistenceUnitInfo [name: default]
2026-10-09T18:26:48.411+02:00  INFO 27556 --- [demo] [restartedMain] o.s.o.j.p.SpringPersistenceUnitInfo      : No LoadTimeWeaver setup: ignoring JPA class transformer
2026-10-09T18:26:48.411+02:00  INFO 27556 --- [demo] [restartedMain] com.zaxxer.hikari.HikariDataSource       : HikariPool-26 - Starting...
2026-10-09T18:26:48.428+02:00  INFO 27556 --- [demo] [restartedMain] com.zaxxer.hikari.pool.HikariPool        : HikariPool-26 - Added connection org.postgresql.jdbc.PgConnection@1deff2ad
2026-10-09T18:26:48.428+02:00  INFO 27556 --- [demo] [restartedMain] com.zaxxer.hikari.HikariDataSource       : HikariPool-26 - Start completed.
2026-10-09T18:26:48.429+02:00  WARN 27556 --- [demo] [restartedMain] org.hibernate.orm.deprecation            : HHH90000025: PostgreSQLDialect does not need to be specified explicitly using 'hibernate.dialect' (remove the property setting and it will be selected by default)
2026-10-09T18:26:48.432+02:00  INFO 27556 --- [demo] [restartedMain] org.hibernate.orm.connections.pooling    : HHH10001005: Database info:
	Database JDBC URL [jdbc:postgresql://localhost:5431/postgres]
	Database driver: PostgreSQL JDBC Driver
	Database dialect: PostgreSQLDialect
	Database version: 18.6
	Default catalog/schema: postgres/public
	Autocommit mode: undefined/unknown
	Isolation level: READ_COMMITTED [default READ_COMMITTED]
	JDBC fetch size: none
	Pool: DataSourceConnectionProvider
	Minimum pool size: undefined/unknown
	Maximum pool size: undefined/unknown
2026-10-09T18:26:48.491+02:00  INFO 27556 --- [demo] [restartedMain] org.hibernate.orm.core                   : HHH000489: No JTA platform available (set 'hibernate.transaction.jta.platform' to enable JTA platform integration)
2026-10-09T18:26:48.532+02:00  INFO 27556 --- [demo] [restartedMain] j.LocalContainerEntityManagerFactoryBean : Initialized JPA EntityManagerFactory for persistence unit 'default'
2026-10-09T18:26:48.559+02:00  WARN 27556 --- [demo] [restartedMain] JpaBaseConfiguration$JpaWebConfiguration : spring.jpa.open-in-view is enabled by default. Therefore, database queries may be performed during view rendering. Explicitly configure spring.jpa.open-in-view to disable this warning
2026-10-09T18:26:48.562+02:00  INFO 27556 --- [demo] [restartedMain] o.s.b.w.a.WelcomePageHandlerMapping      : Adding welcome page: class path resource [static/index.html]
2026-10-09T18:26:48.616+02:00  INFO 27556 --- [demo] [restartedMain] o.s.boot.tomcat.TomcatWebServer          : Tomcat started on port 8080 (http) with context path '/'
2026-10-09T18:26:48.618+02:00  INFO 27556 --- [demo] [restartedMain] com.example.dnd.Main                     : Started Main in 0.385 seconds (process running for 4120.677)
2026-10-09T18:26:48.618+02:00  INFO 27556 --- [demo] [restartedMain] .ConditionEvaluationDeltaLoggingListener : Condition evaluation unchanged
2026-10-09T18:28:32.044+02:00  INFO 27556 --- [demo] [File Watcher] rtingClassPathChangeChangedEventListener : Restarting due to 1 class path change (0 additions, 0 deletions, 1 modification)
2026-10-09T18:28:32.044+02:00  INFO 27556 --- [demo] [Thread-101] o.s.boot.tomcat.GracefulShutdown         : Commencing graceful shutdown. Waiting for active requests to complete
2026-10-09T18:28:32.050+02:00  INFO 27556 --- [demo] [tomcat-shutdown] o.s.boot.tomcat.GracefulShutdown         : Graceful shutdown complete
2026-10-09T18:28:32.051+02:00  INFO 27556 --- [demo] [Thread-101] j.LocalContainerEntityManagerFactoryBean : Closing JPA EntityManagerFactory for persistence unit 'default'
2026-10-09T18:28:32.051+02:00  INFO 27556 --- [demo] [Thread-101] com.zaxxer.hikari.HikariDataSource       : HikariPool-26 - Shutdown initiated...
2026-10-09T18:28:32.052+02:00  INFO 27556 --- [demo] [Thread-101] com.zaxxer.hikari.HikariDataSource       : HikariPool-26 - Shutdown completed.
2026-10-09T18:28:32.115+02:00  INFO 27556 --- [demo] [restartedMain] com.example.dnd.Main                     : Starting Main using Java 25.0.2 with PID 27556 (D:\Skole\gitRepos\personal\DNDWebsite\website\BackendProject2\target\classes started by nicho in D:\Skole\gitRepos\personal\DNDWebsite\website)
2026-10-09T18:28:32.115+02:00 DEBUG 27556 --- [demo] [restartedMain] com.example.dnd.Main                     : Running with Spring Boot v4.1.1, Spring v7.0.9
2026-10-09T18:28:32.116+02:00  INFO 27556 --- [demo] [restartedMain] com.example.dnd.Main                     : No active profile set, falling back to 1 default profile: "default"
2026-10-09T18:28:32.189+02:00  INFO 27556 --- [demo] [restartedMain] .s.d.r.c.RepositoryConfigurationDelegate : Bootstrapping Spring Data JPA repositories in DEFAULT mode.
2026-10-09T18:28:32.191+02:00  INFO 27556 --- [demo] [restartedMain] .s.d.r.c.RepositoryConfigurationDelegate : Finished Spring Data repository scanning in 1 ms. Found 0 JPA repository interfaces.
2026-10-09T18:28:32.225+02:00  INFO 27556 --- [demo] [restartedMain] o.s.boot.tomcat.TomcatWebServer          : Tomcat initialized with port 8080 (http)
2026-10-09T18:28:32.225+02:00  INFO 27556 --- [demo] [restartedMain] o.apache.catalina.core.StandardService   : Starting service [Tomcat]
2026-10-09T18:28:32.225+02:00  INFO 27556 --- [demo] [restartedMain] o.apache.catalina.core.StandardEngine    : Starting Servlet engine: [Apache Tomcat/11.0.24]
2026-10-09T18:28:32.241+02:00  INFO 27556 --- [demo] [restartedMain] b.w.c.s.WebApplicationContextInitializer : Root WebApplicationContext: initialization completed in 125 ms
2026-10-09T18:28:32.256+02:00  INFO 27556 --- [demo] [restartedMain] org.hibernate.orm.jpa                    : HHH008540: Processing PersistenceUnitInfo [name: default]
2026-10-09T18:28:32.271+02:00  INFO 27556 --- [demo] [restartedMain] o.s.o.j.p.SpringPersistenceUnitInfo      : No LoadTimeWeaver setup: ignoring JPA class transformer
2026-10-09T18:28:32.271+02:00  INFO 27556 --- [demo] [restartedMain] com.zaxxer.hikari.HikariDataSource       : HikariPool-27 - Starting...
2026-10-09T18:28:32.288+02:00  INFO 27556 --- [demo] [restartedMain] com.zaxxer.hikari.pool.HikariPool        : HikariPool-27 - Added connection org.postgresql.jdbc.PgConnection@3b6b2da9
2026-10-09T18:28:32.288+02:00  INFO 27556 --- [demo] [restartedMain] com.zaxxer.hikari.HikariDataSource       : HikariPool-27 - Start completed.
2026-10-09T18:28:32.290+02:00  WARN 27556 --- [demo] [restartedMain] org.hibernate.orm.deprecation            : HHH90000025: PostgreSQLDialect does not need to be specified explicitly using 'hibernate.dialect' (remove the property setting and it will be selected by default)
2026-10-09T18:28:32.293+02:00  INFO 27556 --- [demo] [restartedMain] org.hibernate.orm.connections.pooling    : HHH10001005: Database info:
	Database JDBC URL [jdbc:postgresql://localhost:5431/postgres]
	Database driver: PostgreSQL JDBC Driver
	Database dialect: PostgreSQLDialect
	Database version: 18.6
	Default catalog/schema: postgres/public
	Autocommit mode: undefined/unknown
	Isolation level: READ_COMMITTED [default READ_COMMITTED]
	JDBC fetch size: none
	Pool: DataSourceConnectionProvider
	Minimum pool size: undefined/unknown
	Maximum pool size: undefined/unknown
2026-10-09T18:28:32.343+02:00  INFO 27556 --- [demo] [restartedMain] org.hibernate.orm.core                   : HHH000489: No JTA platform available (set 'hibernate.transaction.jta.platform' to enable JTA platform integration)
2026-10-09T18:28:32.384+02:00  INFO 27556 --- [demo] [restartedMain] j.LocalContainerEntityManagerFactoryBean : Initialized JPA EntityManagerFactory for persistence unit 'default'
2026-10-09T18:28:32.407+02:00  WARN 27556 --- [demo] [restartedMain] JpaBaseConfiguration$JpaWebConfiguration : spring.jpa.open-in-view is enabled by default. Therefore, database queries may be performed during view rendering. Explicitly configure spring.jpa.open-in-view to disable this warning
2026-10-09T18:28:32.409+02:00  INFO 27556 --- [demo] [restartedMain] o.s.b.w.a.WelcomePageHandlerMapping      : Adding welcome page: class path resource [static/index.html]
2026-10-09T18:28:32.457+02:00  INFO 27556 --- [demo] [restartedMain] o.s.boot.tomcat.TomcatWebServer          : Tomcat started on port 8080 (http) with context path '/'
2026-10-09T18:28:32.459+02:00  INFO 27556 --- [demo] [restartedMain] com.example.dnd.Main                     : Started Main in 0.354 seconds (process running for 4224.518)
2026-10-09T18:28:32.460+02:00  INFO 27556 --- [demo] [restartedMain] .ConditionEvaluationDeltaLoggingListener : Condition evaluation unchanged
2026-10-09T18:29:32.804+02:00  INFO 27556 --- [demo] [File Watcher] rtingClassPathChangeChangedEventListener : Restarting due to 1 class path change (0 additions, 0 deletions, 1 modification)
2026-10-09T18:29:32.805+02:00  INFO 27556 --- [demo] [Thread-105] o.s.boot.tomcat.GracefulShutdown         : Commencing graceful shutdown. Waiting for active requests to complete
2026-10-09T18:29:32.810+02:00  INFO 27556 --- [demo] [tomcat-shutdown] o.s.boot.tomcat.GracefulShutdown         : Graceful shutdown complete
2026-10-09T18:29:32.810+02:00  INFO 27556 --- [demo] [Thread-105] j.LocalContainerEntityManagerFactoryBean : Closing JPA EntityManagerFactory for persistence unit 'default'
2026-10-09T18:29:32.812+02:00  INFO 27556 --- [demo] [Thread-105] com.zaxxer.hikari.HikariDataSource       : HikariPool-27 - Shutdown initiated...
2026-10-09T18:29:32.813+02:00  INFO 27556 --- [demo] [Thread-105] com.zaxxer.hikari.HikariDataSource       : HikariPool-27 - Shutdown completed.
2026-10-09T18:29:32.881+02:00  INFO 27556 --- [demo] [restartedMain] com.example.dnd.Main                     : Starting Main using Java 25.0.2 with PID 27556 (D:\Skole\gitRepos\personal\DNDWebsite\website\BackendProject2\target\classes started by nicho in D:\Skole\gitRepos\personal\DNDWebsite\website)
2026-10-09T18:29:32.881+02:00 DEBUG 27556 --- [demo] [restartedMain] com.example.dnd.Main                     : Running with Spring Boot v4.1.1, Spring v7.0.9
2026-10-09T18:29:32.881+02:00  INFO 27556 --- [demo] [restartedMain] com.example.dnd.Main                     : No active profile set, falling back to 1 default profile: "default"
2026-10-09T18:29:32.954+02:00  INFO 27556 --- [demo] [restartedMain] .s.d.r.c.RepositoryConfigurationDelegate : Bootstrapping Spring Data JPA repositories in DEFAULT mode.
2026-10-09T18:29:32.957+02:00  INFO 27556 --- [demo] [restartedMain] .s.d.r.c.RepositoryConfigurationDelegate : Finished Spring Data repository scanning in 1 ms. Found 0 JPA repository interfaces.
2026-10-09T18:29:32.992+02:00  INFO 27556 --- [demo] [restartedMain] o.s.boot.tomcat.TomcatWebServer          : Tomcat initialized with port 8080 (http)
2026-10-09T18:29:32.992+02:00  INFO 27556 --- [demo] [restartedMain] o.apache.catalina.core.StandardService   : Starting service [Tomcat]
2026-10-09T18:29:32.992+02:00  INFO 27556 --- [demo] [restartedMain] o.apache.catalina.core.StandardEngine    : Starting Servlet engine: [Apache Tomcat/11.0.24]
2026-10-09T18:29:33.008+02:00  INFO 27556 --- [demo] [restartedMain] b.w.c.s.WebApplicationContextInitializer : Root WebApplicationContext: initialization completed in 126 ms
2026-10-09T18:29:33.025+02:00  INFO 27556 --- [demo] [restartedMain] org.hibernate.orm.jpa                    : HHH008540: Processing PersistenceUnitInfo [name: default]
2026-10-09T18:29:33.040+02:00  INFO 27556 --- [demo] [restartedMain] o.s.o.j.p.SpringPersistenceUnitInfo      : No LoadTimeWeaver setup: ignoring JPA class transformer
2026-10-09T18:29:33.040+02:00  INFO 27556 --- [demo] [restartedMain] com.zaxxer.hikari.HikariDataSource       : HikariPool-28 - Starting...
2026-10-09T18:29:33.057+02:00  INFO 27556 --- [demo] [restartedMain] com.zaxxer.hikari.pool.HikariPool        : HikariPool-28 - Added connection org.postgresql.jdbc.PgConnection@1af94bcd
2026-10-09T18:29:33.057+02:00  INFO 27556 --- [demo] [restartedMain] com.zaxxer.hikari.HikariDataSource       : HikariPool-28 - Start completed.
2026-10-09T18:29:33.059+02:00  WARN 27556 --- [demo] [restartedMain] org.hibernate.orm.deprecation            : HHH90000025: PostgreSQLDialect does not need to be specified explicitly using 'hibernate.dialect' (remove the property setting and it will be selected by default)
2026-10-09T18:29:33.062+02:00  INFO 27556 --- [demo] [restartedMain] org.hibernate.orm.connections.pooling    : HHH10001005: Database info:
	Database JDBC URL [jdbc:postgresql://localhost:5431/postgres]
	Database driver: PostgreSQL JDBC Driver
	Database dialect: PostgreSQLDialect
	Database version: 18.6
	Default catalog/schema: postgres/public
	Autocommit mode: undefined/unknown
	Isolation level: READ_COMMITTED [default READ_COMMITTED]
	JDBC fetch size: none
	Pool: DataSourceConnectionProvider
	Minimum pool size: undefined/unknown
	Maximum pool size: undefined/unknown
2026-10-09T18:29:33.113+02:00  INFO 27556 --- [demo] [restartedMain] org.hibernate.orm.core                   : HHH000489: No JTA platform available (set 'hibernate.transaction.jta.platform' to enable JTA platform integration)
2026-10-09T18:29:33.154+02:00  INFO 27556 --- [demo] [restartedMain] j.LocalContainerEntityManagerFactoryBean : Initialized JPA EntityManagerFactory for persistence unit 'default'
2026-10-09T18:29:33.180+02:00  WARN 27556 --- [demo] [restartedMain] JpaBaseConfiguration$JpaWebConfiguration : spring.jpa.open-in-view is enabled by default. Therefore, database queries may be performed during view rendering. Explicitly configure spring.jpa.open-in-view to disable this warning
2026-10-09T18:29:33.183+02:00  INFO 27556 --- [demo] [restartedMain] o.s.b.w.a.WelcomePageHandlerMapping      : Adding welcome page: class path resource [static/index.html]
2026-10-09T18:29:33.231+02:00  INFO 27556 --- [demo] [restartedMain] o.s.boot.tomcat.TomcatWebServer          : Tomcat started on port 8080 (http) with context path '/'
2026-10-09T18:29:33.232+02:00  INFO 27556 --- [demo] [restartedMain] com.example.dnd.Main                     : Started Main in 0.363 seconds (process running for 4285.291)
2026-10-09T18:29:33.233+02:00  INFO 27556 --- [demo] [restartedMain] .ConditionEvaluationDeltaLoggingListener : Condition evaluation unchanged
